// Jest Snapshot v1, https://goo.gl/fbAQLP

exports[`Sort Semverish Array tests sortSemverishArrayWayMixedSemverishWithEquivs 1`] = `
Array [
  "1",
  "1.0",
  "1.0.0",
  "1.1",
  "1.1.0",
  "1.2",
  "1.2.0",
  "1.3",
  "1.5.1",
]
`;
